trade ice1,10002,100,10000
trade ice1,10001,100,7500
	10,000	100	|	101	20,000
	50,000	99	|
	25,500	98	|